ERROR 2025-09-19 11:30:34,732 log 7788 25508 Internal Server Error: /home/
Traceback (most recent call last):
  File "D:\Anaconda\envs\WEBSELF_2\lib\site-packages\django\template\base.py", line 470, in parse
    compile_func = self.tags[command]
KeyError: 'endblock'

During handling of the above exception, another exception occurred:

Traceback (most recent call last):
  File "D:\Anaconda\envs\WEBSELF_2\lib\site-packages\django\core\handlers\exception.py", line 47, in inner
    response = get_response(request)
  File "D:\Anaconda\envs\WEBSELF_2\lib\site-packages\django\core\handlers\base.py", line 181, in _get_response
    response = wrapped_callback(request, *callback_args, **callback_kwargs)
  File "D:\Anaconda\envs\WEBSELF_2\lib\site-packages\django\contrib\auth\decorators.py", line 21, in _wrapped_view
    return view_func(request, *args, **kwargs)
  File "D:\Python Project\MTD-ISC\MTD-ISC\WEB_APP\MTD\views.py", line 806, in home
    return render(request, 'home.html')
  File "D:\Anaconda\envs\WEBSELF_2\lib\site-packages\django\shortcuts.py", line 19, in render
    content = loader.render_to_string(template_name, context, request, using=using)
  File "D:\Anaconda\envs\WEBSELF_2\lib\site-packages\django\template\loader.py", line 61, in render_to_string
    template = get_template(template_name, using=using)
  File "D:\Anaconda\envs\WEBSELF_2\lib\site-packages\django\template\loader.py", line 15, in get_template
    return engine.get_template(template_name)
  File "D:\Anaconda\envs\WEBSELF_2\lib\site-packages\django\template\backends\django.py", line 34, in get_template
    return Template(self.engine.get_template(template_name), self)
  File "D:\Anaconda\envs\WEBSELF_2\lib\site-packages\django\template\engine.py", line 143, in get_template
    template, origin = self.find_template(template_name)
  File "D:\Anaconda\envs\WEBSELF_2\lib\site-packages\django\template\engine.py", line 125, in find_template
    template = loader.get_template(name, skip=skip)
  File "D:\Anaconda\envs\WEBSELF_2\lib\site-packages\django\template\loaders\base.py", line 29, in get_template
    return Template(
  File "D:\Anaconda\envs\WEBSELF_2\lib\site-packages\django\template\base.py", line 155, in __init__
    self.nodelist = self.compile_nodelist()
  File "D:\Anaconda\envs\WEBSELF_2\lib\site-packages\django\template\base.py", line 193, in compile_nodelist
    return parser.parse()
  File "D:\Anaconda\envs\WEBSELF_2\lib\site-packages\django\template\base.py", line 478, in parse
    raise self.error(token, e)
  File "D:\Anaconda\envs\WEBSELF_2\lib\site-packages\django\template\base.py", line 476, in parse
    compiled_result = compile_func(self, token)
  File "D:\Anaconda\envs\WEBSELF_2\lib\site-packages\django\template\loader_tags.py", line 278, in do_extends
    nodelist = parser.parse()
  File "D:\Anaconda\envs\WEBSELF_2\lib\site-packages\django\template\base.py", line 472, in parse
    self.invalid_block_tag(token, command, parse_until)
  File "D:\Anaconda\envs\WEBSELF_2\lib\site-packages\django\template\base.py", line 531, in invalid_block_tag
    raise self.error(
django.template.exceptions.TemplateSyntaxError: Invalid block tag on line 382: 'endblock'. Did you forget to register or load this tag?
ERROR 2025-09-19 11:30:34,739 basehttp 7788 25508 "GET /home/ HTTP/1.1" 500 176242
ERROR 2025-09-19 11:31:43,376 log 7788 25508 Internal Server Error: /home/
Traceback (most recent call last):
  File "D:\Anaconda\envs\WEBSELF_2\lib\site-packages\django\template\base.py", line 470, in parse
    compile_func = self.tags[command]
KeyError: 'endblock'

During handling of the above exception, another exception occurred:

Traceback (most recent call last):
  File "D:\Anaconda\envs\WEBSELF_2\lib\site-packages\django\core\handlers\exception.py", line 47, in inner
    response = get_response(request)
  File "D:\Anaconda\envs\WEBSELF_2\lib\site-packages\django\core\handlers\base.py", line 181, in _get_response
    response = wrapped_callback(request, *callback_args, **callback_kwargs)
  File "D:\Anaconda\envs\WEBSELF_2\lib\site-packages\django\contrib\auth\decorators.py", line 21, in _wrapped_view
    return view_func(request, *args, **kwargs)
  File "D:\Python Project\MTD-ISC\MTD-ISC\WEB_APP\MTD\views.py", line 806, in home
    return render(request, 'home.html')
  File "D:\Anaconda\envs\WEBSELF_2\lib\site-packages\django\shortcuts.py", line 19, in render
    content = loader.render_to_string(template_name, context, request, using=using)
  File "D:\Anaconda\envs\WEBSELF_2\lib\site-packages\django\template\loader.py", line 61, in render_to_string
    template = get_template(template_name, using=using)
  File "D:\Anaconda\envs\WEBSELF_2\lib\site-packages\django\template\loader.py", line 15, in get_template
    return engine.get_template(template_name)
  File "D:\Anaconda\envs\WEBSELF_2\lib\site-packages\django\template\backends\django.py", line 34, in get_template
    return Template(self.engine.get_template(template_name), self)
  File "D:\Anaconda\envs\WEBSELF_2\lib\site-packages\django\template\engine.py", line 143, in get_template
    template, origin = self.find_template(template_name)
  File "D:\Anaconda\envs\WEBSELF_2\lib\site-packages\django\template\engine.py", line 125, in find_template
    template = loader.get_template(name, skip=skip)
  File "D:\Anaconda\envs\WEBSELF_2\lib\site-packages\django\template\loaders\base.py", line 29, in get_template
    return Template(
  File "D:\Anaconda\envs\WEBSELF_2\lib\site-packages\django\template\base.py", line 155, in __init__
    self.nodelist = self.compile_nodelist()
  File "D:\Anaconda\envs\WEBSELF_2\lib\site-packages\django\template\base.py", line 193, in compile_nodelist
    return parser.parse()
  File "D:\Anaconda\envs\WEBSELF_2\lib\site-packages\django\template\base.py", line 478, in parse
    raise self.error(token, e)
  File "D:\Anaconda\envs\WEBSELF_2\lib\site-packages\django\template\base.py", line 476, in parse
    compiled_result = compile_func(self, token)
  File "D:\Anaconda\envs\WEBSELF_2\lib\site-packages\django\template\loader_tags.py", line 278, in do_extends
    nodelist = parser.parse()
  File "D:\Anaconda\envs\WEBSELF_2\lib\site-packages\django\template\base.py", line 472, in parse
    self.invalid_block_tag(token, command, parse_until)
  File "D:\Anaconda\envs\WEBSELF_2\lib\site-packages\django\template\base.py", line 531, in invalid_block_tag
    raise self.error(
django.template.exceptions.TemplateSyntaxError: Invalid block tag on line 382: 'endblock'. Did you forget to register or load this tag?
ERROR 2025-09-19 11:31:43,379 basehttp 7788 25508 "GET /home/ HTTP/1.1" 500 176224
